// Jest Snapshot v1, https://goo.gl/fbAQLP

exports[`NotFoundView Renders 1`] = `
<div>
  <div
    class="layout"
  >
    <main
      class="layout__main"
    >
      <h1>
        Error 
        404
         - Not Found!
      </h1>
      <a
        href="/"
      >
        Home
      </a>
    </main>
  </div>
</div>
`;
